[2026-05-21 22:22:37] SQLSTATE[42S22]: Column not found: 1054 Unknown column 'p.imagen_url' in 'SELECT' in /home/axel-michael/Documentos/plasti_frus/plasti_frus/app/Core/Database.php:47
#0 /home/axel-michael/Documentos/plasti_frus/plasti_frus/app/Core/Database.php(47): PDO->prepare()
#1 /home/axel-michael/Documentos/plasti_frus/plasti_frus/app/Core/Database.php(54): App\Core\Database->query()
#2 /home/axel-michael/Documentos/plasti_frus/plasti_frus/app/Core/Model.php(99): App\Core\Database->fetchAll()
#3 /home/axel-michael/Documentos/plasti_frus/plasti_frus/app/Models/Wishlist.php(13): App\Core\Model->fetchAll()
#4 /home/axel-michael/Documentos/plasti_frus/plasti_frus/app/Http/Controllers/Portal/WishlistController.php(25): App\Models\Wishlist->getByCliente()
#5 [internal function]: App\Http\Controllers\Portal\WishlistController->index()
#6 /home/axel-michael/Documentos/plasti_frus/plasti_frus/app/Core/Router.php(133): call_user_func_array()
#7 /home/axel-michael/Documentos/plasti_frus/plasti_frus/app/Core/Router.php(86): App\Core\Router->executeAction()
#8 /home/axel-michael/Documentos/plasti_frus/plasti_frus/app/Core/Router.php(54): App\Core\Router->handleDispatch()
#9 /home/axel-michael/Documentos/plasti_frus/plasti_frus/public/index.php(12): App\Core\Router->dispatch()
#10 {main}

[2026-05-21 22:57:19] SQLSTATE[42S22]: Column not found: 1054 Unknown column 'p.imagen_url' in 'SELECT' in /home/axel-michael/Documentos/plasti_frus/plasti_frus/app/Core/Database.php:47
#0 /home/axel-michael/Documentos/plasti_frus/plasti_frus/app/Core/Database.php(47): PDO->prepare()
#1 /home/axel-michael/Documentos/plasti_frus/plasti_frus/app/Core/Database.php(54): App\Core\Database->query()
#2 /home/axel-michael/Documentos/plasti_frus/plasti_frus/app/Core/Model.php(99): App\Core\Database->fetchAll()
#3 /home/axel-michael/Documentos/plasti_frus/plasti_frus/app/Models/Wishlist.php(13): App\Core\Model->fetchAll()
#4 /home/axel-michael/Documentos/plasti_frus/plasti_frus/app/Http/Controllers/Portal/WishlistController.php(25): App\Models\Wishlist->getByCliente()
#5 [internal function]: App\Http\Controllers\Portal\WishlistController->index()
#6 /home/axel-michael/Documentos/plasti_frus/plasti_frus/app/Core/Router.php(133): call_user_func_array()
#7 /home/axel-michael/Documentos/plasti_frus/plasti_frus/app/Core/Router.php(86): App\Core\Router->executeAction()
#8 /home/axel-michael/Documentos/plasti_frus/plasti_frus/app/Core/Router.php(54): App\Core\Router->handleDispatch()
#9 /home/axel-michael/Documentos/plasti_frus/plasti_frus/public/index.php(12): App\Core\Router->dispatch()
#10 {main}

[2026-05-21 23:11:00] SQLSTATE[42S22]: Column not found: 1054 Unknown column 'p.imagen_url' in 'SELECT' in /home/axel-michael/Documentos/plasti_frus/plasti_frus/app/Core/Database.php:47
#0 /home/axel-michael/Documentos/plasti_frus/plasti_frus/app/Core/Database.php(47): PDO->prepare()
#1 /home/axel-michael/Documentos/plasti_frus/plasti_frus/app/Core/Database.php(54): App\Core\Database->query()
#2 /home/axel-michael/Documentos/plasti_frus/plasti_frus/app/Core/Model.php(99): App\Core\Database->fetchAll()
#3 /home/axel-michael/Documentos/plasti_frus/plasti_frus/app/Models/Wishlist.php(13): App\Core\Model->fetchAll()
#4 /home/axel-michael/Documentos/plasti_frus/plasti_frus/app/Http/Controllers/Portal/WishlistController.php(25): App\Models\Wishlist->getByCliente()
#5 [internal function]: App\Http\Controllers\Portal\WishlistController->index()
#6 /home/axel-michael/Documentos/plasti_frus/plasti_frus/app/Core/Router.php(133): call_user_func_array()
#7 /home/axel-michael/Documentos/plasti_frus/plasti_frus/app/Core/Router.php(86): App\Core\Router->executeAction()
#8 /home/axel-michael/Documentos/plasti_frus/plasti_frus/app/Core/Router.php(54): App\Core\Router->handleDispatch()
#9 /home/axel-michael/Documentos/plasti_frus/plasti_frus/public/index.php(12): App\Core\Router->dispatch()
#10 {main}

[2026-05-27 11:18:23] SQLSTATE[42S22]: Column not found: 1054 Unknown column 'p.imagen_url' in 'SELECT' in /home/axel-michael/Documentos/plasti_frus/plasti_frus/app/Core/Database.php:47
#0 /home/axel-michael/Documentos/plasti_frus/plasti_frus/app/Core/Database.php(47): PDO->prepare()
#1 /home/axel-michael/Documentos/plasti_frus/plasti_frus/app/Core/Database.php(54): App\Core\Database->query()
#2 /home/axel-michael/Documentos/plasti_frus/plasti_frus/app/Core/Model.php(99): App\Core\Database->fetchAll()
#3 /home/axel-michael/Documentos/plasti_frus/plasti_frus/app/Models/Wishlist.php(13): App\Core\Model->fetchAll()
#4 /home/axel-michael/Documentos/plasti_frus/plasti_frus/app/Http/Controllers/Portal/WishlistController.php(25): App\Models\Wishlist->getByCliente()
#5 [internal function]: App\Http\Controllers\Portal\WishlistController->index()
#6 /home/axel-michael/Documentos/plasti_frus/plasti_frus/app/Core/Router.php(133): call_user_func_array()
#7 /home/axel-michael/Documentos/plasti_frus/plasti_frus/app/Core/Router.php(86): App\Core\Router->executeAction()
#8 /home/axel-michael/Documentos/plasti_frus/plasti_frus/app/Core/Router.php(54): App\Core\Router->handleDispatch()
#9 /home/axel-michael/Documentos/plasti_frus/plasti_frus/public/index.php(12): App\Core\Router->dispatch()
#10 {main}

[2026-05-27 21:42:33] SQLSTATE[42S22]: Column not found: 1054 Unknown column 'p.imagen_url' in 'SELECT' in /home/axel-michael/Documentos/plasti_frus/plasti_frus/app/Core/Database.php:47
#0 /home/axel-michael/Documentos/plasti_frus/plasti_frus/app/Core/Database.php(47): PDO->prepare()
#1 /home/axel-michael/Documentos/plasti_frus/plasti_frus/app/Core/Database.php(54): App\Core\Database->query()
#2 /home/axel-michael/Documentos/plasti_frus/plasti_frus/app/Core/Model.php(99): App\Core\Database->fetchAll()
#3 /home/axel-michael/Documentos/plasti_frus/plasti_frus/app/Models/Wishlist.php(13): App\Core\Model->fetchAll()
#4 /home/axel-michael/Documentos/plasti_frus/plasti_frus/app/Http/Controllers/Portal/WishlistController.php(25): App\Models\Wishlist->getByCliente()
#5 [internal function]: App\Http\Controllers\Portal\WishlistController->index()
#6 /home/axel-michael/Documentos/plasti_frus/plasti_frus/app/Core/Router.php(133): call_user_func_array()
#7 /home/axel-michael/Documentos/plasti_frus/plasti_frus/app/Core/Router.php(86): App\Core\Router->executeAction()
#8 /home/axel-michael/Documentos/plasti_frus/plasti_frus/app/Core/Router.php(54): App\Core\Router->handleDispatch()
#9 /home/axel-michael/Documentos/plasti_frus/plasti_frus/public/index.php(12): App\Core\Router->dispatch()
#10 {main}

[2026-05-28 20:45:14] SQLSTATE[42S21]: Column already exists: 1060 Duplicate column name 'acceso_autorizado' in /var/www/html/app/Core/Database.php:48
#0 /var/www/html/app/Core/Database.php(48): PDOStatement->execute(Array)
#1 /var/www/html/app/Core/Migration.php(20): App\Core\Database->query('\n            AL...')
#2 /var/www/html/database/migrations/2026_05_21_000037_add_acceso_autorizado_to_turno_produccion.php(11): App\Core\Migration->schema('\n            AL...')
#3 /var/www/html/app/Console/Migrator.php(35): App\Database\Migrations\AddAccesoAutorizadoToTurnoProduccion->up()
#4 /var/www/html/bin/plasti(14): App\Console\Migrator->run()
#5 {main}

